Microchip MPLAB XC8 Compiler V2.40

Linker command line:

-W-3 \
  --edf=C:\Program Files\Microchip\xc8\v2.40\pic\dat\20220703182018_en.msgs \
  -cn -h+dist/default/production\Trainer2023_OneAllTesting.X.production.sym \
  --cmf=dist/default/production\Trainer2023_OneAllTesting.X.production.cmf \
  -z -Q18F45K50 -oC:\Users\jorda\AppData\Local\Temp\xcAsdjk.4 \
  --defsym=__MPLAB_BUILD=1 --fixupoverflow=error \
  -Mdist/default/production/Trainer2023_OneAllTesting.X.production.map \
  --md=C:\Users\jorda\AppData\Local\Temp\xcAsdjk.dat -E1 -ver=XC8 Compiler \
  --acfsm=1493 -ACODE=00h-07FFFh -ACONST=00h-07FFFh \
  -ASMALLCONST=0800h-08FFhx120 -AMEDIUMCONST=0800h-07FFFh -ACOMRAM=01h-05Fh \
  -AABS1=00h-07FFh -ABIGRAM=01h-07FFh -ARAM=060h-0FFh,0100h-01FFhx7 \
  -ABANK0=060h-0FFh -ABANK1=0100h-01FFh -ABANK2=0200h-02FFh \
  -ABANK3=0300h-03FFh -ABANK4=0400h-04FFh -ABANK5=0500h-05FFh \
  -ABANK6=0600h-06FFh -ABANK7=0700h-07FFh -ASFR=0F53h-0F5Fh,0F60h-0FFFh \
  -ABIGSFR=0F53h-0FFFh -ACONFIG=0300000h-030000Dh -AIDLOC=0200000h-0200007h \
  -AEEDATA=0F00000h-0F000FFh -peeprom_data=EEDATA \
  -preset_vec=00h,intcode,intcodelo,powerup,init -pramtop=0800h \
  -psmallconst=SMALLCONST -pmediumconst=MEDIUMCONST -pconst=CONST \
  -AFARRAM=00h-00h \
  -prdata=COMRAM,nvrram=COMRAM,nvbit=COMRAM,rbss=COMRAM,rbit=COMRAM \
  -pfarbss=FARRAM,fardata=FARRAM,nvFARRAM=FARRAM \
  -pintsave_regs=BIGRAM,bigbss=BIGRAM,bigdata=BIGRAM -pbss=RAM \
  -pidata=CODE,irdata=CODE,ibigdata=CODE,ifardata=CODE -prparam=COMRAM \
  C:\Users\jorda\AppData\Local\Temp\xcAsdjk.o \
  dist/default/production\Trainer2023_OneAllTesting.X.production.o 

Object code version is 3.11

Machine type is 18F45K50



                Name                               Link     Load   Length Selector   Space Scale
C:\Users\jorda\AppData\Local\Temp\xcAsdjk.o
                idloc                            200000   200000        8        0       5
                config                           300000   300000        E        0       4
                init                                  0        0        4        0       0
dist/default/production\Trainer2023_OneAllTesting.X.production.o
                idloc                            200000   200000        8        0       5
                config                           300000   300000        E        0       4
                smallconst                          800      800       E4      400       0
                text21                             185C     185C       5C      472       0
                text20                             1A88     1A88       20      472       0
                text19                             1B02     1B02        E      472       0
                text18                             177E     177E       78      472       0
                text17                             17F6     17F6       66      472       0
                text16                             1A1A     1A1A       38      472       0
                text15                             1686     1686       7E      472       0
                text14                             1AC2     1AC2       18      472       0
                text13                             1AF0     1AF0       12      472       0
                text12                             1A52     1A52       36      472       0
                text11                             1182     1182      188      472       0
                text10                             130A     130A      164      472       0
                text9                              199C     199C       40      472       0
                text8                              1ADA     1ADA       16      472       0
                text7                              15BC     15BC       CA      472       0
                text6                              1958     1958       44      472       0
                text5                              1704     1704       7A      472       0
                text4                               F06      F06      27C      472       0
                text3                              146E     146E      14E      472       0
                text2                              190A     190A       4E      472       0
                text1                              18B8     18B8       52      472       0
                text0                               8E4      8E4      622      472       0
                cstackCOMRAM                          1        1       5B        1       1
                cstackBANK0                          9B       9B       31       60       1
                dataBANK0                            CC       CC       1A       60       1
                bssBANK0                             60       60       3B       60       1
                bssCOMRAM                            5C       5C        4        1       1
                cinit                              19DC     19DC       3E      472       0
                idataBANK0                         1AA8     1AA8       1A      472       0

TOTAL           Name                               Link     Load   Length     Space
        CLASS   CODE           
                init                                  0        0        4         0
                text21                             185C     185C       5C         0
                text20                             1A88     1A88       20         0
                text19                             1B02     1B02        E         0
                text18                             177E     177E       78         0
                text17                             17F6     17F6       66         0
                text16                             1A1A     1A1A       38         0
                text15                             1686     1686       7E         0
                text14                             1AC2     1AC2       18         0
                text13                             1AF0     1AF0       12         0
                text12                             1A52     1A52       36         0
                text11                             1182     1182      188         0
                text10                             130A     130A      164         0
                text9                              199C     199C       40         0
                text8                              1ADA     1ADA       16         0
                text7                              15BC     15BC       CA         0
                text6                              1958     1958       44         0
                text5                              1704     1704       7A         0
                text4                               F06      F06      27C         0
                text3                              146E     146E      14E         0
                text2                              190A     190A       4E         0
                text1                              18B8     18B8       52         0
                text0                               8E4      8E4      622         0
                cinit                              19DC     19DC       3E         0
                idataBANK0                         1AA8     1AA8       1A         0

        CLASS   CONST          

        CLASS   SMALLCONST     
                smallconst                          800      800       E4         0

        CLASS   MEDIUMCONST    

        CLASS   COMRAM         
                cstackCOMRAM                          1        1       5B         1
                bssCOMRAM                            5C       5C        4         1

        CLASS   ABS1           

        CLASS   BIGRAM         

        CLASS   RAM            

        CLASS   BANK0          
                cstackBANK0                          9B       9B       31         1
                dataBANK0                            CC       CC       1A         1
                bssBANK0                             60       60       3B         1

        CLASS   BANK1          

        CLASS   BANK2          

        CLASS   BANK3          

        CLASS   BANK4          

        CLASS   BANK5          

        CLASS   BANK6          

        CLASS   BANK7          

        CLASS   SFR            

        CLASS   BIGSFR         

        CLASS   CONFIG         
                config                           300000   300000        E         4

        CLASS   IDLOC          
                idloc                            200000   200000        8         5

        CLASS   EEDATA         

        CLASS   FARRAM         

        CLASS   HEAP           

        CLASS   STACK          



SEGMENTS        Name                           Load    Length   Top    Selector   Space  Class

                reset_vec                      000000  000004  000004         0       0  CODE    
                cstackCOMRAM                   000001  00005F  000060         1       1  COMRAM  
                bssBANK0                       000060  000086  0000E6        60       1  BANK0   
                smallconst                     000800  0000E4  0008E4       400       0  SMALLCON
                text0                          0008E4  00122C  001B10       472       0  CODE    


UNUSED ADDRESS RANGES

        Name                Unused          Largest block    Delta
        BANK0            0000E6-0000FF               1A
        BANK1            000100-0001FF              100
        BANK2            000200-0002FF              100
        BANK3            000300-0003FF              100
        BANK4            000400-0004FF              100
        BANK5            000500-0005FF              100
        BANK6            000600-0006FF              100
        BANK7            000700-0007FF              100
        BIGRAM           0000E6-0007FF              71A
        BIGSFR           000F53-000FFF               AD
        CODE             000004-0007FF              7FC
                         001B10-007FFF             64F0
        CONST            000004-0007FF              7FC
                         001B10-007FFF             64F0
        EEDATA           F00000-F000FF              100
        MEDIUMCONST      001B10-007FFF             64F0
        RAM              0000E6-0007FF              100
        SFR              000F53-000FFF                D
        SMALLCONST       001B10-007FFF              100

                                  Symbol Table

?___aodiv                 cstackCOMRAM 000001
?___aomod                 cstackCOMRAM 000001
?_abs                     cstackCOMRAM 000013
?_sprintf                 cstackBANK0  00009B
?_vfprintf                cstackCOMRAM 000052
Lcd_Cmd@a                 cstackCOMRAM 000003
Lcd_Port@a                cstackCOMRAM 000001
Lcd_Set_Cursor@a          cstackCOMRAM 000005
Lcd_Set_Cursor@b          cstackCOMRAM 000004
Lcd_Set_Cursor@temp       cstackCOMRAM 000008
Lcd_Set_Cursor@y          cstackCOMRAM 000007
Lcd_Set_Cursor@z          cstackCOMRAM 000006
Lcd_Write_Char@a          cstackCOMRAM 000004
Lcd_Write_Char@temp       cstackCOMRAM 000002
Lcd_Write_Char@y          cstackCOMRAM 000003
Lcd_Write_String@a        cstackCOMRAM 000005
Lcd_Write_String@i        cstackCOMRAM 000009
_ADCON0bits               (abs)        000FC2
_ADCON1bits               (abs)        000FC1
_ADCON2bits               (abs)        000FC0
_ADRESH                   (abs)        000FC4
_ADRESL                   (abs)        000FC3
_ANSELBbits               (abs)        000F5C
_ANSELCbits               (abs)        000F5D
_ANSELD                   (abs)        000F5E
_ANSELEbits               (abs)        000F5F
_AnodoComun7Seg           dataBANK0    0000DC
_BAUDCON1                 (abs)        000FB8
_ESTADO_APP               bssBANK0     000066
_INTCON2bits              (abs)        000FF1
_Keypad4x4                dataBANK0    0000CC
_LATB                     (abs)        000F8A
_LATBbits                 (abs)        000F8A
_LATCbits                 (abs)        000F8B
_LATD                     (abs)        000F8C
_LATEbits                 (abs)        000F8D
_Lcd_Clear                text19       001B02
_Lcd_Cmd                  text20       001A88
_Lcd_Init                 text18       00177E
_Lcd_Port                 text21       00185C
_Lcd_Set_Cursor           text17       0017F6
_Lcd_Write_Char           text16       001A1A
_Lcd_Write_String         text15       001686
_Message_Lcd_ok           text14       001AC2
_OSCCONbits               (abs)        000FD3
_OSCILADOR_Init           text13       001AF0
_PIE1bits                 (abs)        000F9D
_PIR1bits                 (abs)        000F9E
_PORTB                    (abs)        000F81
_PORTBbits                (abs)        000F81
_PORTD                    (abs)        000F83
_Port_Init                text12       001A52
_RCREG1                   (abs)        000FAE
_RCSTA1                   (abs)        000FAB
_RCSTA1bits               (abs)        000FAB
_SPBRG1                   (abs)        000FAF
_SPBRGH1                  (abs)        000FB0
_SSP1ADD                  (abs)        000FC8
_SSP1BUF                  (abs)        000FC9
_SSP1CON1                 (abs)        000FC6
_SSP1CON1bits             (abs)        000FC6
_SSP1CON2bits             (abs)        000FC5
_SSP1STAT                 (abs)        000FC7
_SSP1STATbits             (abs)        000FC7
_SSPCON2bits              (abs)        000FC5
_TRISB                    (abs)        000F93
_TRISBbits                (abs)        000F93
_TRISCbits                (abs)        000F94
_TRISD                    (abs)        000F95
_TRISEbits                (abs)        000F96
_TXREG1                   (abs)        000FAD
_TXSTA1                   (abs)        000FAC
_TXSTA1bits               (abs)        000FAC
_WPUB                     (abs)        000F85
__HRAM                    (abs)        000000
__Habs1                   abs1         000000
__Hbank0                  bank0        000000
__Hbank1                  bank1        000000
__Hbank2                  bank2        000000
__Hbank3                  bank3        000000
__Hbank4                  bank4        000000
__Hbank5                  bank5        000000
__Hbank6                  bank6        000000
__Hbank7                  bank7        000000
__Hbigbss                 bigbss       000000
__Hbigdata                bigdata      000000
__Hbigram                 bigram       000000
__Hbigsfr                 bigsfr       000000
__Hbss                    bss          000000
__HbssBANK0               bssBANK0     000000
__HbssCOMRAM              bssCOMRAM    000000
__Hcinit                  cinit        000000
__Hclrtext                clrtext      000000
__Hcomram                 comram       000000
__Hconfig                 config       30000E
__Hconst                  const        000000
__HcstackBANK0            cstackBANK0  000000
__HcstackCOMRAM           cstackCOMRAM 000000
__Hdata                   data         000000
__HdataBANK0              dataBANK0    000000
__Heeprom_data            eeprom_data  000000
__Hfarbss                 farbss       000000
__Hfardata                fardata      000000
__Hheap                   heap         000000
__Hibigdata               ibigdata     000000
__Hidata                  idata        000000
__HidataBANK0             idataBANK0   000000
__Hidloc                  idloc        200008
__Hifardata               ifardata     000000
__Hinit                   init         000004
__Hintcode                intcode      000000
__Hintcode_body           intcode_body 000000
__Hintcodelo              intcodelo    000000
__Hintentry               intentry     000000
__Hintret                 intret       000000
__Hintsave_regs           intsave_regs 000000
__Hirdata                 irdata       000000
__Hmediumconst            mediumconst  000000
__HnvFARRAM               nvFARRAM     000000
__Hnvbit                  nvbit        000000
__Hnvrram                 nvrram       000000
__Hparam                  rparam       000000
__Hpowerup                powerup      000000
__Hram                    ram          000000
__Hramtop                 ramtop       000800
__Hrbit                   rbit         000000
__Hrbss                   rbss         000000
__Hrdata                  rdata        000000
__Hreset_vec              reset_vec    000000
__Hrparam                 rparam       000000
__Hsfr                    sfr          000000
__Hsmallconst             smallconst   0008E4
__Hspace_0                (abs)        001B10
__Hspace_1                (abs)        0000E6
__Hspace_2                (abs)        000000
__Hspace_4                (abs)        60000E
__Hstack                  stack        000000
__Hstruct                 struct       000000
__Htemp                   temp         000000
__Htext                   text         000000
__Htext0                  text0        000000
__Htext1                  text1        000000
__Htext10                 text10       000000
__Htext11                 text11       000000
__Htext12                 text12       000000
__Htext13                 text13       000000
__Htext14                 text14       000000
__Htext15                 text15       000000
__Htext16                 text16       000000
__Htext17                 text17       000000
__Htext18                 text18       000000
__Htext19                 text19       000000
__Htext2                  text2        000000
__Htext20                 text20       000000
__Htext21                 text21       000000
__Htext3                  text3        000000
__Htext4                  text4        000000
__Htext5                  text5        000000
__Htext6                  text6        000000
__Htext7                  text7        000000
__Htext8                  text8        000000
__Htext9                  text9        000000
__LRAM                    (abs)        000001
__Labs1                   abs1         000000
__Lbank0                  bank0        000000
__Lbank1                  bank1        000000
__Lbank2                  bank2        000000
__Lbank3                  bank3        000000
__Lbank4                  bank4        000000
__Lbank5                  bank5        000000
__Lbank6                  bank6        000000
__Lbank7                  bank7        000000
__Lbigbss                 bigbss       000000
__Lbigdata                bigdata      000000
__Lbigram                 bigram       000000
__Lbigsfr                 bigsfr       000000
__Lbss                    bss          000000
__LbssBANK0               bssBANK0     000000
__LbssCOMRAM              bssCOMRAM    000000
__Lcinit                  cinit        000000
__Lclrtext                clrtext      000000
__Lcomram                 comram       000000
__Lconfig                 config       000000
__Lconst                  const        000000
__LcstackBANK0            cstackBANK0  000000
__LcstackCOMRAM           cstackCOMRAM 000000
__Ldata                   data         000000
__LdataBANK0              dataBANK0    000000
__Leeprom_data            eeprom_data  000000
__Lfarbss                 farbss       000000
__Lfardata                fardata      000000
__Lheap                   heap         000000
__Libigdata               ibigdata     000000
__Lidata                  idata        000000
__LidataBANK0             idataBANK0   000000
__Lidloc                  idloc        000000
__Lifardata               ifardata     000000
__Linit                   init         000000
__Lintcode                intcode      000000
__Lintcode_body           intcode_body 000000
__Lintcodelo              intcodelo    000000
__Lintentry               intentry     000000
__Lintret                 intret       000000
__Lintsave_regs           intsave_regs 000000
__Lirdata                 irdata       000000
__Lmediumconst            mediumconst  000000
__LnvFARRAM               nvFARRAM     000000
__Lnvbit                  nvbit        000000
__Lnvrram                 nvrram       000000
__Lparam                  rparam       000000
__Lpowerup                powerup      000000
__Lram                    ram          000000
__Lramtop                 ramtop       000800
__Lrbit                   rbit         000000
__Lrbss                   rbss         000000
__Lrdata                  rdata        000000
__Lreset_vec              reset_vec    000000
__Lrparam                 rparam       000000
__Lsfr                    sfr          000000
__Lsmallconst             smallconst   000800
__Lspace_0                (abs)        000000
__Lspace_1                (abs)        000000
__Lspace_2                (abs)        000000
__Lspace_4                (abs)        000000
__Lstack                  stack        000000
__Lstruct                 struct       000000
__Ltemp                   temp         000000
__Ltext                   text         000000
__Ltext0                  text0        000000
__Ltext1                  text1        000000
__Ltext10                 text10       000000
__Ltext11                 text11       000000
__Ltext12                 text12       000000
__Ltext13                 text13       000000
__Ltext14                 text14       000000
__Ltext15                 text15       000000
__Ltext16                 text16       000000
__Ltext17                 text17       000000
__Ltext18                 text18       000000
__Ltext19                 text19       000000
__Ltext2                  text2        000000
__Ltext20                 text20       000000
__Ltext21                 text21       000000
__Ltext3                  text3        000000
__Ltext4                  text4        000000
__Ltext5                  text5        000000
__Ltext6                  text6        000000
__Ltext7                  text7        000000
__Ltext8                  text8        000000
__Ltext9                  text9        000000
__S0                      (abs)        001B10
__S1                      (abs)        0000E6
__S4                      (abs)        000000
__S5                      (abs)        000000
___aodiv                  text11       001182
___aodiv@counter          cstackCOMRAM 000011
___aodiv@dividend         cstackCOMRAM 000001
___aodiv@divisor          cstackCOMRAM 000009
___aodiv@quotient         cstackCOMRAM 000013
___aodiv@sign             cstackCOMRAM 000012
___aomod                  text10       00130A
___aomod@counter          cstackCOMRAM 000011
___aomod@dividend         cstackCOMRAM 000001
___aomod@divisor          cstackCOMRAM 000009
___aomod@sign             cstackCOMRAM 000012
___heap_hi                (abs)        000000
___heap_lo                (abs)        000000
___inthi_sp               stack        000000
___intlo_sp               stack        000000
___param_bank             (abs)        000000
___rparam_used            (abs)        000001
___sp                     stack        000000
__accesstop               (abs)        000060
__activetblptr            (abs)        000002
__end_of_Lcd_Clear        text19       001B10
__end_of_Lcd_Cmd          text20       001AA8
__end_of_Lcd_Init         text18       0017F6
__end_of_Lcd_Port         text21       0018B8
__end_of_Lcd_Set_Cursor   text17       00185C
__end_of_Lcd_Write_Char   text16       001A52
__end_of_Lcd_Write_String text15       001704
__end_of_Message_Lcd_ok   text14       001ADA
__end_of_OSCILADOR_Init   text13       001B02
__end_of_Port_Init        text12       001A88
__end_of___aodiv          text11       00130A
__end_of___aomod          text10       00146E
__end_of__initialization  cinit        001A10
__end_of_abs              text9        0019DC
__end_of_dtoa             text4        001182
__end_of_fputc            text7        001686
__end_of_fputs            text6        00199C
__end_of_main             text0        000F06
__end_of_pad              text5        00177E
__end_of_putch            text8        001AF0
__end_of_sprintf          text1        00190A
__end_of_vfpfcnvrt        text3        0015BC
__end_of_vfprintf         text2        001958
__initialization          cinit        0019DC
__mediumconst             mediumconst  000000
__pbssBANK0               bssBANK0     000060
__pbssCOMRAM              bssCOMRAM    00005C
__pcinit                  cinit        0019DC
__pcstackBANK0            cstackBANK0  00009B
__pcstackCOMRAM           cstackCOMRAM 000001
__pdataBANK0              dataBANK0    0000CC
__pidataBANK0             idataBANK0   001AA8
__psmallconst             smallconst   000800
__ptext0                  text0        0008E4
__ptext1                  text1        0018B8
__ptext10                 text10       00130A
__ptext11                 text11       001182
__ptext12                 text12       001A52
__ptext13                 text13       001AF0
__ptext14                 text14       001AC2
__ptext15                 text15       001686
__ptext16                 text16       001A1A
__ptext17                 text17       0017F6
__ptext18                 text18       00177E
__ptext19                 text19       001B02
__ptext2                  text2        00190A
__ptext20                 text20       001A88
__ptext21                 text21       00185C
__ptext3                  text3        00146E
__ptext4                  text4        000F06
__ptext5                  text5        001704
__ptext6                  text6        001958
__ptext7                  text7        0015BC
__ptext8                  text8        001ADA
__ptext9                  text9        00199C
__ramtop                  ramtop       000800
__smallconst              smallconst   000800
_abs                      text9        00199C
_btn0_pushed              bssBANK0     000065
_btn1_pushed              bssBANK0     000064
_btn2_pushed              bssBANK0     000063
_btn3_pushed              bssBANK0     000062
_continue_test            bssCOMRAM    00005F
_dbuf                     bssBANK0     000067
_dtoa                     text4        000F06
_dtoa$2093                cstackCOMRAM 00002F
_flags                    bssCOMRAM    00005E
_fputc                    text7        0015BC
_fputs                    text6        001958
_main                     text0        0008E4
_pad                      text5        001704
_prec                     bssCOMRAM    00005C
_putch                    text8        001ADA
_sprintf                  text1        0018B8
_strButtons               bssBANK0     000087
_vfpfcnvrt                text3        00146E
_vfprintf                 text2        00190A
_width                    bssBANK0     000060
abs@a                     cstackCOMRAM 000013
dtoa@d                    cstackCOMRAM 00001F
dtoa@fp                   cstackCOMRAM 00001D
dtoa@i                    cstackCOMRAM 00003D
dtoa@n                    cstackCOMRAM 000035
dtoa@p                    cstackCOMRAM 000031
dtoa@s                    cstackCOMRAM 00003F
dtoa@w                    cstackCOMRAM 000033
end_of_initialization     cinit        001A10
fputc@c                   cstackCOMRAM 000002
fputc@fp                  cstackCOMRAM 000004
fputs@c                   cstackCOMRAM 00000F
fputs@fp                  cstackCOMRAM 00000D
fputs@i                   cstackCOMRAM 000010
fputs@s                   cstackCOMRAM 00000B
intlevel0                 text         000000
intlevel1                 text         000000
intlevel2                 text         000000
intlevel3                 text         000000
isa$std                   (abs)        000001
isa$xinst                 (abs)        000000
main@i                    cstackBANK0  0000C8
main@j                    cstackBANK0  0000CA
main@strI                 cstackBANK0  0000B4
pad@buf                   cstackCOMRAM 000014
pad@fp                    cstackCOMRAM 000012
pad@i                     cstackCOMRAM 000019
pad@p                     cstackCOMRAM 000016
pad@w                     cstackCOMRAM 00001B
putch@c                   cstackCOMRAM 000001
sprintf@ap                cstackBANK0  0000A7
sprintf@f                 cstackBANK0  0000A9
sprintf@fmt               cstackBANK0  00009D
sprintf@s                 cstackBANK0  00009B
stackhi                   (abs)        000000
stacklo                   (abs)        000000
start                     init         000000
start_initialization      cinit        0019DC
vfpfcnvrt@ap              cstackCOMRAM 000044
vfpfcnvrt@convarg         cstackCOMRAM 000048
vfpfcnvrt@cp              cstackCOMRAM 000050
vfpfcnvrt@fmt             cstackCOMRAM 000042
vfpfcnvrt@fp              cstackCOMRAM 000040
vfprintf@ap               cstackCOMRAM 000056
vfprintf@cfmt             cstackCOMRAM 000058
vfprintf@fmt              cstackCOMRAM 000054
vfprintf@fp               cstackCOMRAM 000052


MODULE INFORMATION

Module		Function		Class		Link	Load	Size
C:\Program Files\Microchip\xc8\v2.40\pic\sources\c99\common\nf_fputc.c
		_fputc         		CODE           	15BC	0000	202

C:\Program Files\Microchip\xc8\v2.40\pic\sources\c99\common\nf_fputc.c estimated size: 202

LibreriasPIC/lcd_2x16.c
		_Lcd_Write_String		CODE           	1686	0000	126
		_Lcd_Init      		CODE           	177E	0000	120
		_Lcd_Write_Char		CODE           	1A1A	0000	56
		_Lcd_Cmd       		CODE           	1A88	0000	32
		_Lcd_Set_Cursor		CODE           	17F6	0000	102
		_Lcd_Clear     		CODE           	1B02	0000	14
		_Lcd_Port      		CODE           	185C	0000	92

LibreriasPIC/lcd_2x16.c estimated size: 542

C:\Program Files\Microchip\xc8\v2.40\pic\sources\c99\common\nf_sprintf.c
		_sprintf       		CODE           	18B8	0000	82

C:\Program Files\Microchip\xc8\v2.40\pic\sources\c99\common\nf_sprintf.c estimated size: 82

C:\Program Files\Microchip\xc8\v2.40\pic\sources\c99\common\abs.c
		_abs           		CODE           	199C	0000	64

C:\Program Files\Microchip\xc8\v2.40\pic\sources\c99\common\abs.c estimated size: 64

LibreriasPIC/main_v2.c
		_main          		CODE           	08E4	0000	1570
		_Port_Init     		CODE           	1A52	0000	54
		_Message_Lcd_ok		CODE           	1AC2	0000	24

LibreriasPIC/main_v2.c estimated size: 1648

LibreriasPIC/configDevice.c
		_OSCILADOR_Init		CODE           	1AF0	0000	18

LibreriasPIC/configDevice.c estimated size: 18

C:\Program Files\Microchip\xc8\v2.40\pic\sources\c99\common\nf_fputs.c
		_fputs         		CODE           	1958	0000	68

C:\Program Files\Microchip\xc8\v2.40\pic\sources\c99\common\nf_fputs.c estimated size: 68

C:\Program Files\Microchip\xc8\v2.40\pic\sources\c99\common\aomod.c
		___aomod       		CODE           	130A	0000	356

C:\Program Files\Microchip\xc8\v2.40\pic\sources\c99\common\aomod.c estimated size: 356

shared
		__initialization		CODE           	19DC	0000	52

shared estimated size: 52

LibreriasPIC/usart.c
		_putch         		CODE           	1ADA	0000	22

LibreriasPIC/usart.c estimated size: 22

C:\Program Files\Microchip\xc8\v2.40\pic\sources\c99\common\doprnt.c
		_vfpfcnvrt     		CODE           	146E	0000	334
		_pad           		CODE           	1704	0000	122
		_dtoa          		CODE           	0F06	0000	636
		_vfprintf      		CODE           	190A	0000	78

C:\Program Files\Microchip\xc8\v2.40\pic\sources\c99\common\doprnt.c estimated size: 1170

C:\Program Files\Microchip\xc8\v2.40\pic\sources\c99\common\aodiv.c
		___aodiv       		CODE           	1182	0000	392

C:\Program Files\Microchip\xc8\v2.40\pic\sources\c99\common\aodiv.c estimated size: 392

