Microchip MPLAB XC8 Compiler V2.40

Linker command line:

-W-3 \
  --edf=C:\Program Files\Microchip\xc8\v2.40\pic\dat\20220703182018_en.msgs \
  -cn -h+dist/default/production\Trainer2023_OneAllTesting.X.production.sym \
  --cmf=dist/default/production\Trainer2023_OneAllTesting.X.production.cmf \
  -z -Q18F45K50 -oC:\Users\jorda\AppData\Local\Temp\xcAs4gc.4 \
  --defsym=__MPLAB_BUILD=1 --fixupoverflow=error \
  -Mdist/default/production/Trainer2023_OneAllTesting.X.production.map \
  --md=C:\Users\jorda\AppData\Local\Temp\xcAs4gc.dat -E1 -ver=XC8 Compiler \
  --acfsm=1493 -ACODE=00h-07FFFh -ACONST=00h-07FFFh \
  -ASMALLCONST=0800h-08FFhx120 -AMEDIUMCONST=0800h-07FFFh -ACOMRAM=01h-05Fh \
  -AABS1=00h-07FFh -ABIGRAM=01h-07FFh -ARAM=060h-0FFh,0100h-01FFhx7 \
  -ABANK0=060h-0FFh -ABANK1=0100h-01FFh -ABANK2=0200h-02FFh \
  -ABANK3=0300h-03FFh -ABANK4=0400h-04FFh -ABANK5=0500h-05FFh \
  -ABANK6=0600h-06FFh -ABANK7=0700h-07FFh -ASFR=0F53h-0F5Fh,0F60h-0FFFh \
  -ABIGSFR=0F53h-0FFFh -ACONFIG=0300000h-030000Dh -AIDLOC=0200000h-0200007h \
  -AEEDATA=0F00000h-0F000FFh -peeprom_data=EEDATA \
  -preset_vec=00h,intcode,intcodelo,powerup,init -pramtop=0800h \
  -psmallconst=SMALLCONST -pmediumconst=MEDIUMCONST -pconst=CONST \
  -AFARRAM=00h-00h \
  -prdata=COMRAM,nvrram=COMRAM,nvbit=COMRAM,rbss=COMRAM,rbit=COMRAM \
  -pfarbss=FARRAM,fardata=FARRAM,nvFARRAM=FARRAM \
  -pintsave_regs=BIGRAM,bigbss=BIGRAM,bigdata=BIGRAM -pbss=RAM \
  -pidata=CODE,irdata=CODE,ibigdata=CODE,ifardata=CODE -prparam=COMRAM \
  C:\Users\jorda\AppData\Local\Temp\xcAs4gc.o \
  dist/default/production\Trainer2023_OneAllTesting.X.production.o 

Object code version is 3.11

Machine type is 18F45K50



                Name                               Link     Load   Length Selector   Space Scale
C:\Users\jorda\AppData\Local\Temp\xcAs4gc.o
                idloc                            200000   200000        8        0       5
                config                           300000   300000        E        0       4
                init                                  0        0        4        0       0
dist/default/production\Trainer2023_OneAllTesting.X.production.o
                idloc                            200000   200000        8        0       5
                config                           300000   300000        E        0       4
                mediumconst                        7EF4     7EF4      10C     3F7A       0
                text28                             6D76     6D76       5C     36BB       0
                text27                             6B08     6B08       20     3584       0
                text26                             6A8A     6A8A        E     3545       0
                text25                             6E9E     6E9E       78     374F       0
                text24                             6DD2     6DD2       66     36E9       0
                text23                             6B5E     6B5E       38     35AF       0
                text22                             6F90     6F90       7E     37C8       0
                text21                             6AD6     6AD6       18     356B       0
                text20                             6A98     6A98       12     354C       0
                text19                             6B96     6B96       3E     35CB       0
                text18                             6A82     6A82        4     3541       0
                text17                             6A86     6A86        4     3543       0
                text16                             6C12     6C12       40     3609       0
                text15                             700E     700E       A4     3807       0
                text14                             6E38     6E38       66     371C       0
                text13                             6AAA     6AAA       16     3555       0
                text12                             6B28     6B28       36     3594       0
                text11                             742E     742E      188     3A17       0
                text10                             72CA     72CA      164     3965       0
                text9                              6C52     6C52       40     3629       0
                text8                              6AC0     6AC0       16     3560       0
                text7                              70B2     70B2       CA     3859       0
                text6                              6C92     6C92       44     3649       0
                text5                              6F16     6F16       7A     378B       0
                text4                              75B6     75B6      27C     3ADB       0
                text3                              717C     717C      14E     38BE       0
                text2                              6CD6     6CD6       4E     366B       0
                text1                              6D24     6D24       52     3692       0
                text0                              7832     7832      6C2     3C19       0
                cstackCOMRAM                          1        1       5B        1       1
                cstackBANK0                          9C       9C       31       60       1
                dataBANK0                            CD       CD       1A       60       1
                bssBANK0                             60       60       3C       60       1
                bssCOMRAM                            5C       5C        4        1       1
                cinit                              6BD4     6BD4       3E     35EA       0
                idataBANK0                         6AEE     6AEE       1A     6AEE       0

TOTAL           Name                               Link     Load   Length     Space
        CLASS   CODE           
                init                                  0        0        4         0
                text28                             6D76     6D76       5C         0
                text27                             6B08     6B08       20         0
                text26                             6A8A     6A8A        E         0
                text25                             6E9E     6E9E       78         0
                text24                             6DD2     6DD2       66         0
                text23                             6B5E     6B5E       38         0
                text22                             6F90     6F90       7E         0
                text21                             6AD6     6AD6       18         0
                text20                             6A98     6A98       12         0
                text19                             6B96     6B96       3E         0
                text18                             6A82     6A82        4         0
                text17                             6A86     6A86        4         0
                text16                             6C12     6C12       40         0
                text15                             700E     700E       A4         0
                text14                             6E38     6E38       66         0
                text13                             6AAA     6AAA       16         0
                text12                             6B28     6B28       36         0
                text11                             742E     742E      188         0
                text10                             72CA     72CA      164         0
                text9                              6C52     6C52       40         0
                text8                              6AC0     6AC0       16         0
                text7                              70B2     70B2       CA         0
                text6                              6C92     6C92       44         0
                text5                              6F16     6F16       7A         0
                text4                              75B6     75B6      27C         0
                text3                              717C     717C      14E         0
                text2                              6CD6     6CD6       4E         0
                text1                              6D24     6D24       52         0
                text0                              7832     7832      6C2         0
                cinit                              6BD4     6BD4       3E         0
                idataBANK0                         6AEE     6AEE       1A         0

        CLASS   CONST          

        CLASS   SMALLCONST     

        CLASS   MEDIUMCONST    
                mediumconst                        7EF4     7EF4      10C         0

        CLASS   COMRAM         
                cstackCOMRAM                          1        1       5B         1
                bssCOMRAM                            5C       5C        4         1

        CLASS   ABS1           

        CLASS   BIGRAM         

        CLASS   RAM            

        CLASS   BANK0          
                cstackBANK0                          9C       9C       31         1
                dataBANK0                            CD       CD       1A         1
                bssBANK0                             60       60       3C         1

        CLASS   BANK1          

        CLASS   BANK2          

        CLASS   BANK3          

        CLASS   BANK4          

        CLASS   BANK5          

        CLASS   BANK6          

        CLASS   BANK7          

        CLASS   SFR            

        CLASS   BIGSFR         

        CLASS   CONFIG         
                config                           300000   300000        E         4

        CLASS   IDLOC          
                idloc                            200000   200000        8         5

        CLASS   EEDATA         

        CLASS   FARRAM         

        CLASS   HEAP           

        CLASS   STACK          



SEGMENTS        Name                           Load    Length   Top    Selector   Space  Class

                reset_vec                      000000  000004  000004         0       0  CODE    
                cstackCOMRAM                   000001  00005F  000060         1       1  COMRAM  
                bssBANK0                       000060  000087  0000E7        60       1  BANK0   
                text18                         006A82  000004  006A86      3541       0  CODE    
                text17                         006A86  000004  006A8A      3543       0  CODE    
                text26                         006A8A  00000E  006A98      3545       0  CODE    
                text20                         006A98  000012  006AAA      354C       0  CODE    
                text13                         006AAA  000016  006AC0      3555       0  CODE    
                text8                          006AC0  000016  006AD6      3560       0  CODE    
                text21                         006AD6  000018  006AEE      356B       0  CODE    
                idataBANK0                     006AEE  00001A  006B08      6AEE       0  CODE    
                text27                         006B08  000020  006B28      3584       0  CODE    
                text12                         006B28  000036  006B5E      3594       0  CODE    
                text23                         006B5E  000038  006B96      35AF       0  CODE    
                text19                         006B96  00003E  006BD4      35CB       0  CODE    
                cinit                          006BD4  00003E  006C12      35EA       0  CODE    
                text16                         006C12  000040  006C52      3609       0  CODE    
                text9                          006C52  000040  006C92      3629       0  CODE    
                text6                          006C92  000044  006CD6      3649       0  CODE    
                text2                          006CD6  00004E  006D24      366B       0  CODE    
                text1                          006D24  000052  006D76      3692       0  CODE    
                text28                         006D76  00005C  006DD2      36BB       0  CODE    
                text24                         006DD2  000066  006E38      36E9       0  CODE    
                text14                         006E38  000066  006E9E      371C       0  CODE    
                text25                         006E9E  000078  006F16      374F       0  CODE    
                text5                          006F16  00007A  006F90      378B       0  CODE    
                text22                         006F90  00007E  00700E      37C8       0  CODE    
                text15                         00700E  0000A4  0070B2      3807       0  CODE    
                text7                          0070B2  0000CA  00717C      3859       0  CODE    
                text3                          00717C  00014E  0072CA      38BE       0  CODE    
                text10                         0072CA  000164  00742E      3965       0  CODE    
                text11                         00742E  000188  0075B6      3A17       0  CODE    
                text4                          0075B6  00027C  007832      3ADB       0  CODE    
                text0                          007832  0006C2  007EF4      3C19       0  CODE    
                mediumconst                    007EF4  00010C  008000      3F7A       0  MEDIUMCO


UNUSED ADDRESS RANGES

        Name                Unused          Largest block    Delta
        BANK0            0000E7-0000FF               19
        BANK1            000100-0001FF              100
        BANK2            000200-0002FF              100
        BANK3            000300-0003FF              100
        BANK4            000400-0004FF              100
        BANK5            000500-0005FF              100
        BANK6            000600-0006FF              100
        BANK7            000700-0007FF              100
        BIGRAM           0000E7-0007FF              719
        BIGSFR           000F53-000FFF               AD
        CODE             000004-006A81             6A7E
        CONST            000004-006A81             6A7E
        EEDATA           F00000-F000FF              100
        MEDIUMCONST      000800-006A81             6282
        RAM              0000E7-0007FF              100
        SFR              000F53-000FFF                D
        SMALLCONST       000800-006A81              100

                                  Symbol Table

?___aodiv                  cstackCOMRAM 000001
?___aomod                  cstackCOMRAM 000001
?___lldiv                  cstackCOMRAM 000001
?_abs                      cstackCOMRAM 000013
?_sprintf                  cstackBANK0  00009C
?_vfprintf                 cstackCOMRAM 000052
Lcd_Cmd@a                  cstackCOMRAM 000003
Lcd_Port@a                 cstackCOMRAM 000001
Lcd_Set_Cursor@a           cstackCOMRAM 000005
Lcd_Set_Cursor@b           cstackCOMRAM 000004
Lcd_Set_Cursor@temp        cstackCOMRAM 000008
Lcd_Set_Cursor@y           cstackCOMRAM 000007
Lcd_Set_Cursor@z           cstackCOMRAM 000006
Lcd_Write_Char@a           cstackCOMRAM 000004
Lcd_Write_Char@temp        cstackCOMRAM 000002
Lcd_Write_Char@y           cstackCOMRAM 000003
Lcd_Write_String@a         cstackCOMRAM 000005
Lcd_Write_String@i         cstackCOMRAM 000009
USART_ReadByte@dataRx      cstackCOMRAM 000001
USART_SerialBegin@baudios  cstackCOMRAM 00000E
USART_SerialBegin@n        cstackCOMRAM 000012
USART_WriteByte@data       cstackCOMRAM 000001
USART_WriteString@pString  cstackCOMRAM 000002
_ADCON0bits                (abs)        000FC2
_ADCON1bits                (abs)        000FC1
_ADCON2bits                (abs)        000FC0
_ADRESH                    (abs)        000FC4
_ADRESL                    (abs)        000FC3
_ANSELB                    (abs)        000F5C
_ANSELBbits                (abs)        000F5C
_ANSELCbits                (abs)        000F5D
_ANSELD                    (abs)        000F5E
_ANSELEbits                (abs)        000F5F
_AnodoComun7Seg            dataBANK0    0000DD
_BAUDCON1                  (abs)        000FB8
_ESTADO_APP                bssBANK0     000067
_INTCON2bits               (abs)        000FF1
_Keypad4x4                 dataBANK0    0000CD
_LATB                      (abs)        000F8A
_LATBbits                  (abs)        000F8A
_LATCbits                  (abs)        000F8B
_LATD                      (abs)        000F8C
_LATEbits                  (abs)        000F8D
_Lcd_Clear                 text26       006A8A
_Lcd_Cmd                   text27       006B08
_Lcd_Init                  text25       006E9E
_Lcd_Port                  text28       006D76
_Lcd_Set_Cursor            text24       006DD2
_Lcd_Write_Char            text23       006B5E
_Lcd_Write_String          text22       006F90
_Message_Lcd_ok            text21       006AD6
_OSCCONbits                (abs)        000FD3
_OSCILADOR_Init            text20       006A98
_PIE1bits                  (abs)        000F9D
_PIR1bits                  (abs)        000F9E
_PORTB                     (abs)        000F81
_PORTBbits                 (abs)        000F81
_PORTD                     (abs)        000F83
_Port_Init                 text19       006B96
_RCREG1                    (abs)        000FAE
_RCSTA1                    (abs)        000FAB
_RCSTA1bits                (abs)        000FAB
_SPBRG1                    (abs)        000FAF
_SPBRGH1                   (abs)        000FB0
_SSP1ADD                   (abs)        000FC8
_SSP1BUF                   (abs)        000FC9
_SSP1CON1                  (abs)        000FC6
_SSP1CON1bits              (abs)        000FC6
_SSP1CON2bits              (abs)        000FC5
_SSP1STAT                  (abs)        000FC7
_SSP1STATbits              (abs)        000FC7
_SSPCON2bits               (abs)        000FC5
_TRISB                     (abs)        000F93
_TRISBbits                 (abs)        000F93
_TRISCbits                 (abs)        000F94
_TRISD                     (abs)        000F95
_TRISDbits                 (abs)        000F95
_TRISEbits                 (abs)        000F96
_TXREG1                    (abs)        000FAD
_TXSTA1                    (abs)        000FAC
_TXSTA1bits                (abs)        000FAC
_USART_ReadByte            text16       006C12
_USART_RxDisable           text18       006A82
_USART_RxEnable            text17       006A86
_USART_SerialBegin         text14       006E38
_USART_WriteByte           text13       006AAA
_USART_WriteString         text12       006B28
_WPUB                      (abs)        000F85
__HRAM                     (abs)        000000
__Habs1                    abs1         000000
__Hbank0                   bank0        000000
__Hbank1                   bank1        000000
__Hbank2                   bank2        000000
__Hbank3                   bank3        000000
__Hbank4                   bank4        000000
__Hbank5                   bank5        000000
__Hbank6                   bank6        000000
__Hbank7                   bank7        000000
__Hbigbss                  bigbss       000000
__Hbigdata                 bigdata      000000
__Hbigram                  bigram       000000
__Hbigsfr                  bigsfr       000000
__Hbss                     bss          000000
__HbssBANK0                bssBANK0     000000
__HbssCOMRAM               bssCOMRAM    000000
__Hcinit                   cinit        000000
__Hclrtext                 clrtext      000000
__Hcomram                  comram       000000
__Hconfig                  config       30000E
__Hconst                   const        000000
__HcstackBANK0             cstackBANK0  000000
__HcstackCOMRAM            cstackCOMRAM 000000
__Hdata                    data         000000
__HdataBANK0               dataBANK0    000000
__Heeprom_data             eeprom_data  000000
__Hfarbss                  farbss       000000
__Hfardata                 fardata      000000
__Hheap                    heap         000000
__Hibigdata                ibigdata     000000
__Hidata                   idata        000000
__HidataBANK0              idataBANK0   000000
__Hidloc                   idloc        200008
__Hifardata                ifardata     000000
__Hinit                    init         000004
__Hintcode                 intcode      000000
__Hintcode_body            intcode_body 000000
__Hintcodelo               intcodelo    000000
__Hintentry                intentry     000000
__Hintret                  intret       000000
__Hintsave_regs            intsave_regs 000000
__Hirdata                  irdata       000000
__Hmediumconst             mediumconst  008000
__HnvFARRAM                nvFARRAM     000000
__Hnvbit                   nvbit        000000
__Hnvrram                  nvrram       000000
__Hparam                   rparam       000000
__Hpowerup                 powerup      000000
__Hram                     ram          000000
__Hramtop                  ramtop       000800
__Hrbit                    rbit         000000
__Hrbss                    rbss         000000
__Hrdata                   rdata        000000
__Hreset_vec               reset_vec    000000
__Hrparam                  rparam       000000
__Hsfr                     sfr          000000
__Hsmallconst              smallconst   000000
__Hspace_0                 (abs)        008000
__Hspace_1                 (abs)        0000E7
__Hspace_2                 (abs)        000000
__Hspace_4                 (abs)        60000E
__Hstack                   stack        000000
__Hstruct                  struct       000000
__Htemp                    temp         000000
__Htext                    text         000000
__Htext0                   text0        000000
__Htext1                   text1        000000
__Htext10                  text10       000000
__Htext11                  text11       000000
__Htext12                  text12       000000
__Htext13                  text13       000000
__Htext14                  text14       000000
__Htext15                  text15       000000
__Htext16                  text16       000000
__Htext17                  text17       000000
__Htext18                  text18       000000
__Htext19                  text19       000000
__Htext2                   text2        000000
__Htext20                  text20       000000
__Htext21                  text21       000000
__Htext22                  text22       000000
__Htext23                  text23       000000
__Htext24                  text24       000000
__Htext25                  text25       000000
__Htext26                  text26       000000
__Htext27                  text27       000000
__Htext28                  text28       000000
__Htext3                   text3        000000
__Htext4                   text4        000000
__Htext5                   text5        000000
__Htext6                   text6        000000
__Htext7                   text7        000000
__Htext8                   text8        000000
__Htext9                   text9        000000
__LRAM                     (abs)        000001
__Labs1                    abs1         000000
__Lbank0                   bank0        000000
__Lbank1                   bank1        000000
__Lbank2                   bank2        000000
__Lbank3                   bank3        000000
__Lbank4                   bank4        000000
__Lbank5                   bank5        000000
__Lbank6                   bank6        000000
__Lbank7                   bank7        000000
__Lbigbss                  bigbss       000000
__Lbigdata                 bigdata      000000
__Lbigram                  bigram       000000
__Lbigsfr                  bigsfr       000000
__Lbss                     bss          000000
__LbssBANK0                bssBANK0     000000
__LbssCOMRAM               bssCOMRAM    000000
__Lcinit                   cinit        000000
__Lclrtext                 clrtext      000000
__Lcomram                  comram       000000
__Lconfig                  config       000000
__Lconst                   const        000000
__LcstackBANK0             cstackBANK0  000000
__LcstackCOMRAM            cstackCOMRAM 000000
__Ldata                    data         000000
__LdataBANK0               dataBANK0    000000
__Leeprom_data             eeprom_data  000000
__Lfarbss                  farbss       000000
__Lfardata                 fardata      000000
__Lheap                    heap         000000
__Libigdata                ibigdata     000000
__Lidata                   idata        000000
__LidataBANK0              idataBANK0   000000
__Lidloc                   idloc        000000
__Lifardata                ifardata     000000
__Linit                    init         000000
__Lintcode                 intcode      000000
__Lintcode_body            intcode_body 000000
__Lintcodelo               intcodelo    000000
__Lintentry                intentry     000000
__Lintret                  intret       000000
__Lintsave_regs            intsave_regs 000000
__Lirdata                  irdata       000000
__Lmediumconst             mediumconst  007EF4
__LnvFARRAM                nvFARRAM     000000
__Lnvbit                   nvbit        000000
__Lnvrram                  nvrram       000000
__Lparam                   rparam       000000
__Lpowerup                 powerup      000000
__Lram                     ram          000000
__Lramtop                  ramtop       000800
__Lrbit                    rbit         000000
__Lrbss                    rbss         000000
__Lrdata                   rdata        000000
__Lreset_vec               reset_vec    000000
__Lrparam                  rparam       000000
__Lsfr                     sfr          000000
__Lsmallconst              smallconst   000000
__Lspace_0                 (abs)        000000
__Lspace_1                 (abs)        000000
__Lspace_2                 (abs)        000000
__Lspace_4                 (abs)        000000
__Lstack                   stack        000000
__Lstruct                  struct       000000
__Ltemp                    temp         000000
__Ltext                    text         000000
__Ltext0                   text0        000000
__Ltext1                   text1        000000
__Ltext10                  text10       000000
__Ltext11                  text11       000000
__Ltext12                  text12       000000
__Ltext13                  text13       000000
__Ltext14                  text14       000000
__Ltext15                  text15       000000
__Ltext16                  text16       000000
__Ltext17                  text17       000000
__Ltext18                  text18       000000
__Ltext19                  text19       000000
__Ltext2                   text2        000000
__Ltext20                  text20       000000
__Ltext21                  text21       000000
__Ltext22                  text22       000000
__Ltext23                  text23       000000
__Ltext24                  text24       000000
__Ltext25                  text25       000000
__Ltext26                  text26       000000
__Ltext27                  text27       000000
__Ltext28                  text28       000000
__Ltext3                   text3        000000
__Ltext4                   text4        000000
__Ltext5                   text5        000000
__Ltext6                   text6        000000
__Ltext7                   text7        000000
__Ltext8                   text8        000000
__Ltext9                   text9        000000
__S0                       (abs)        008000
__S1                       (abs)        0000E7
__S4                       (abs)        000000
__S5                       (abs)        000000
___aodiv                   text11       00742E
___aodiv@counter           cstackCOMRAM 000011
___aodiv@dividend          cstackCOMRAM 000001
___aodiv@divisor           cstackCOMRAM 000009
___aodiv@quotient          cstackCOMRAM 000013
___aodiv@sign              cstackCOMRAM 000012
___aomod                   text10       0072CA
___aomod@counter           cstackCOMRAM 000011
___aomod@dividend          cstackCOMRAM 000001
___aomod@divisor           cstackCOMRAM 000009
___aomod@sign              cstackCOMRAM 000012
___heap_hi                 (abs)        000000
___heap_lo                 (abs)        000000
___inthi_sp                stack        000000
___intlo_sp                stack        000000
___lldiv                   text15       00700E
___lldiv@counter           cstackCOMRAM 00000D
___lldiv@dividend          cstackCOMRAM 000001
___lldiv@divisor           cstackCOMRAM 000005
___lldiv@quotient          cstackCOMRAM 000009
___param_bank              (abs)        000000
___rparam_used             (abs)        000001
___sp                      stack        000000
__accesstop                (abs)        000060
__activetblptr             (abs)        000002
__end_of_Lcd_Clear         text26       006A98
__end_of_Lcd_Cmd           text27       006B28
__end_of_Lcd_Init          text25       006F16
__end_of_Lcd_Port          text28       006DD2
__end_of_Lcd_Set_Cursor    text24       006E38
__end_of_Lcd_Write_Char    text23       006B96
__end_of_Lcd_Write_String  text22       00700E
__end_of_Message_Lcd_ok    text21       006AEE
__end_of_OSCILADOR_Init    text20       006AAA
__end_of_Port_Init         text19       006BD4
__end_of_USART_ReadByte    text16       006C52
__end_of_USART_RxDisable   text18       006A86
__end_of_USART_RxEnable    text17       006A8A
__end_of_USART_SerialBegin text14       006E9E
__end_of_USART_WriteByte   text13       006AC0
__end_of_USART_WriteString text12       006B5E
__end_of___aodiv           text11       0075B6
__end_of___aomod           text10       00742E
__end_of___lldiv           text15       0070B2
__end_of__initialization   cinit        006C08
__end_of_abs               text9        006C92
__end_of_dtoa              text4        007832
__end_of_fputc             text7        00717C
__end_of_fputs             text6        006CD6
__end_of_main              text0        007EF4
__end_of_pad               text5        006F90
__end_of_putch             text8        006AD6
__end_of_sprintf           text1        006D76
__end_of_vfpfcnvrt         text3        0072CA
__end_of_vfprintf          text2        006D24
__initialization           cinit        006BD4
__mediumconst              mediumconst  007EF4
__pbssBANK0                bssBANK0     000060
__pbssCOMRAM               bssCOMRAM    00005C
__pcinit                   cinit        006BD4
__pcstackBANK0             cstackBANK0  00009C
__pcstackCOMRAM            cstackCOMRAM 000001
__pdataBANK0               dataBANK0    0000CD
__pidataBANK0              idataBANK0   006AEE
__pmediumconst             mediumconst  007EF4
__ptext0                   text0        007832
__ptext1                   text1        006D24
__ptext10                  text10       0072CA
__ptext11                  text11       00742E
__ptext12                  text12       006B28
__ptext13                  text13       006AAA
__ptext14                  text14       006E38
__ptext15                  text15       00700E
__ptext16                  text16       006C12
__ptext17                  text17       006A86
__ptext18                  text18       006A82
__ptext19                  text19       006B96
__ptext2                   text2        006CD6
__ptext20                  text20       006A98
__ptext21                  text21       006AD6
__ptext22                  text22       006F90
__ptext23                  text23       006B5E
__ptext24                  text24       006DD2
__ptext25                  text25       006E9E
__ptext26                  text26       006A8A
__ptext27                  text27       006B08
__ptext28                  text28       006D76
__ptext3                   text3        00717C
__ptext4                   text4        0075B6
__ptext5                   text5        006F16
__ptext6                   text6        006C92
__ptext7                   text7        0070B2
__ptext8                   text8        006AC0
__ptext9                   text9        006C52
__ramtop                   ramtop       000800
__smallconst               smallconst   000000
_abs                       text9        006C52
_btn0_pushed               bssBANK0     000066
_btn1_pushed               bssBANK0     000065
_btn2_pushed               bssBANK0     000064
_btn3_pushed               bssBANK0     000063
_continue_test             bssCOMRAM    00005F
_dataRx                    bssBANK0     000062
_dbuf                      bssBANK0     000068
_dtoa                      text4        0075B6
_dtoa$2152                 cstackCOMRAM 00002F
_flags                     bssCOMRAM    00005E
_fputc                     text7        0070B2
_fputs                     text6        006C92
_main                      text0        007832
_pad                       text5        006F16
_prec                      bssCOMRAM    00005C
_putch                     text8        006AC0
_sprintf                   text1        006D24
_strButtons                bssBANK0     000088
_vfpfcnvrt                 text3        00717C
_vfprintf                  text2        006CD6
_width                     bssBANK0     000060
abs@a                      cstackCOMRAM 000013
dtoa@d                     cstackCOMRAM 00001F
dtoa@fp                    cstackCOMRAM 00001D
dtoa@i                     cstackCOMRAM 00003D
dtoa@n                     cstackCOMRAM 000035
dtoa@p                     cstackCOMRAM 000031
dtoa@s                     cstackCOMRAM 00003F
dtoa@w                     cstackCOMRAM 000033
end_of_initialization      cinit        006C08
fputc@c                    cstackCOMRAM 000002
fputc@fp                   cstackCOMRAM 000004
fputs@c                    cstackCOMRAM 00000F
fputs@fp                   cstackCOMRAM 00000D
fputs@i                    cstackCOMRAM 000010
fputs@s                    cstackCOMRAM 00000B
intlevel0                  text         000000
intlevel1                  text         000000
intlevel2                  text         000000
intlevel3                  text         000000
isa$std                    (abs)        000001
isa$xinst                  (abs)        000000
main@i                     cstackBANK0  0000C9
main@j                     cstackBANK0  0000CB
main@strI                  cstackBANK0  0000B5
pad@buf                    cstackCOMRAM 000014
pad@fp                     cstackCOMRAM 000012
pad@i                      cstackCOMRAM 000019
pad@p                      cstackCOMRAM 000016
pad@w                      cstackCOMRAM 00001B
putch@c                    cstackCOMRAM 000001
sprintf@ap                 cstackBANK0  0000A8
sprintf@f                  cstackBANK0  0000AA
sprintf@fmt                cstackBANK0  00009E
sprintf@s                  cstackBANK0  00009C
stackhi                    (abs)        000000
stacklo                    (abs)        000000
start                      init         000000
start_initialization       cinit        006BD4
vfpfcnvrt@ap               cstackCOMRAM 000044
vfpfcnvrt@convarg          cstackCOMRAM 000048
vfpfcnvrt@cp               cstackCOMRAM 000050
vfpfcnvrt@fmt              cstackCOMRAM 000042
vfpfcnvrt@fp               cstackCOMRAM 000040
vfprintf@ap                cstackCOMRAM 000056
vfprintf@cfmt              cstackCOMRAM 000058
vfprintf@fmt               cstackCOMRAM 000054
vfprintf@fp                cstackCOMRAM 000052


MODULE INFORMATION

Module		Function		Class		Link	Load	Size
C:\Program Files\Microchip\xc8\v2.40\pic\sources\c99\common\nf_fputc.c
		_fputc         		CODE           	70B2	0000	202

C:\Program Files\Microchip\xc8\v2.40\pic\sources\c99\common\nf_fputc.c estimated size: 202

LibreriasPIC/lcd_2x16.c
		_Lcd_Write_String		CODE           	6F90	0000	126
		_Lcd_Init      		CODE           	6E9E	0000	120
		_Lcd_Write_Char		CODE           	6B5E	0000	56
		_Lcd_Cmd       		CODE           	6B08	0000	32
		_Lcd_Set_Cursor		CODE           	6DD2	0000	102
		_Lcd_Clear     		CODE           	6A8A	0000	14
		_Lcd_Port      		CODE           	6D76	0000	92

LibreriasPIC/lcd_2x16.c estimated size: 542

C:\Program Files\Microchip\xc8\v2.40\pic\sources\c99\common\nf_sprintf.c
		_sprintf       		CODE           	6D24	0000	82

C:\Program Files\Microchip\xc8\v2.40\pic\sources\c99\common\nf_sprintf.c estimated size: 82

C:\Program Files\Microchip\xc8\v2.40\pic\sources\c99\common\abs.c
		_abs           		CODE           	6C52	0000	64

C:\Program Files\Microchip\xc8\v2.40\pic\sources\c99\common\abs.c estimated size: 64

C:\Program Files\Microchip\xc8\v2.40\pic\sources\c99\common\__lldiv.c
		___lldiv       		CODE           	700E	0000	164

C:\Program Files\Microchip\xc8\v2.40\pic\sources\c99\common\__lldiv.c estimated size: 164

LibreriasPIC/main_v2.c
		_main          		CODE           	7832	0000	1730
		_Port_Init     		CODE           	6B96	0000	62
		_Message_Lcd_ok		CODE           	6AD6	0000	24

LibreriasPIC/main_v2.c estimated size: 1816

LibreriasPIC/configDevice.c
		_OSCILADOR_Init		CODE           	6A98	0000	18

LibreriasPIC/configDevice.c estimated size: 18

C:\Program Files\Microchip\xc8\v2.40\pic\sources\c99\common\nf_fputs.c
		_fputs         		CODE           	6C92	0000	68

C:\Program Files\Microchip\xc8\v2.40\pic\sources\c99\common\nf_fputs.c estimated size: 68

C:\Program Files\Microchip\xc8\v2.40\pic\sources\c99\common\aomod.c
		___aomod       		CODE           	72CA	0000	356

C:\Program Files\Microchip\xc8\v2.40\pic\sources\c99\common\aomod.c estimated size: 356

shared
		__initialization		CODE           	6BD4	0000	52

shared estimated size: 52

LibreriasPIC/usart.c
		_USART_SerialBegin		CODE           	6E38	0000	102
		_USART_WriteByte		CODE           	6AAA	0000	22
		_putch         		CODE           	6AC0	0000	22
		_USART_RxEnable		CODE           	6A86	0000	4
		_USART_ReadByte		CODE           	6C12	0000	64
		_USART_RxDisable		CODE           	6A82	0000	4
		_USART_WriteString		CODE           	6B28	0000	54

LibreriasPIC/usart.c estimated size: 272

C:\Program Files\Microchip\xc8\v2.40\pic\sources\c99\common\doprnt.c
		_vfpfcnvrt     		CODE           	717C	0000	334
		_pad           		CODE           	6F16	0000	122
		_dtoa          		CODE           	75B6	0000	636
		_vfprintf      		CODE           	6CD6	0000	78

C:\Program Files\Microchip\xc8\v2.40\pic\sources\c99\common\doprnt.c estimated size: 1170

C:\Program Files\Microchip\xc8\v2.40\pic\sources\c99\common\aodiv.c
		___aodiv       		CODE           	742E	0000	392

C:\Program Files\Microchip\xc8\v2.40\pic\sources\c99\common\aodiv.c estimated size: 392

